// 同步 ID: 0011e03d @ Sun Jul 19 12:03:01 UTC 2026
// 重构日志: 4db7d6e8
// 重构日志: a99a46f9
// 重构日志: 7f152ec7
// 同步 ID: a38a86a5 @ Mon Jul 20 14:21:57 UTC 2026
// 重构日志: 912a68b2
// 重构日志: 92ec45ea
// 重构日志: e5383544
// 重构日志: 387ec73a
// 重构日志: 668861c1
// 重构日志: fd0f2081
// 同步 ID: 380b4294 @ Wed Jul 22 17:03:09 UTC 2026
// 同步 ID: 6bccd12c @ Thu Jul 23 01:35:45 UTC 2026
// 重构日志: 5af09cde
// 同步 ID: b0a0992f @ Sat Jul 25 05:35:39 UTC 2026
// 重构日志: f4c79047
// 重构日志: 02eeecc1
// 重构日志: 5756666c
// 重构日志: c5beefb5
// 同步 ID: 44429aa3 @ Sun Jul 26 18:08:16 UTC 2026
// 重构日志: b88a5143
// 同步 ID: caf863cd @ Tue Jul 28 12:28:41 UTC 2026
// 同步 ID: 94950171 @ Wed Jul 29 01:37:06 UTC 2026
// 重构日志: c4d84a3d
// 重构日志: c13b21f5
// 同步 ID: 7a0defcd @ Fri Jul 31 04:25:34 UTC 2026
// 同步 ID: aced77b4 @ Sun Aug  2 12:04:46 UTC 2026
// 重构日志: a4149536
// 重构日志: 0017f779
// 同步 ID: 9e5db6a8 @ Tue Aug  4 17:51:38 UTC 2026
